Copyright 1986-2021 Xilinx, Inc. All Rights Reserved.
----------------------------------------------------------------------------------------------------------------------------------------------------
| Tool Version     : Vivado v.2021.1 (win64) Build 3247384 Thu Jun 10 19:36:33 MDT 2021
| Date             : Tue Mar 24 22:00:58 2026
| Host             : LAPTOP-EUGMKLPQ running 64-bit major release  (build 9200)
| Command          : report_power -file ML_DSA_top_power_routed.rpt -pb ML_DSA_top_power_summary_routed.pb -rpx ML_DSA_top_power_routed.rpx
| Design           : ML_DSA_top
| Device           : xc7a200tfbg484-2L
| Design State     : routed
| Grade            : extended
| Process          : typical
| Characterization : Production
----------------------------------------------------------------------------------------------------------------------------------------------------

Power Report

Table of Contents
-----------------
1. Summary
1.1 On-Chip Components
1.2 Power Supply Summary
1.3 Confidence Level
2. Settings
2.1 Environment
2.2 Clock Constraints
3. Detailed Reports
3.1 By Hierarchy

1. Summary
----------

+--------------------------+--------------+
| Total On-Chip Power (W)  | 1.274        |
| Design Power Budget (W)  | Unspecified* |
| Power Budget Margin (W)  | NA           |
| Dynamic (W)              | 1.138        |
| Device Static (W)        | 0.136        |
| Effective TJA (C/W)      | 2.5          |
| Max Ambient (C)          | 96.9         |
| Junction Temperature (C) | 28.1         |
| Confidence Level         | Low          |
| Setting File             | ---          |
| Simulation Activity File | ---          |
| Design Nets Matched      | NA           |
+--------------------------+--------------+
* Specify Design Power Budget using, set_operating_conditions -design_power_budget <value in Watts>


1.1 On-Chip Components
----------------------

+-------------------------+-----------+----------+-----------+-----------------+
| On-Chip                 | Power (W) | Used     | Available | Utilization (%) |
+-------------------------+-----------+----------+-----------+-----------------+
| Clocks                  |     0.122 |        3 |       --- |             --- |
| Slice Logic             |     0.319 |    69636 |       --- |             --- |
|   LUT as Logic          |     0.285 |    30079 |    133800 |           22.48 |
|   CARRY4                |     0.013 |     2023 |     33450 |            6.05 |
|   Register              |     0.013 |    29610 |    269200 |           11.00 |
|   LUT as Shift Register |     0.006 |     1006 |     46200 |            2.18 |
|   F7/F8 Muxes           |     0.001 |     1876 |    133800 |            1.40 |
|   BUFG                  |    <0.001 |        2 |        32 |            6.25 |
|   Others                |     0.000 |      504 |       --- |             --- |
| Signals                 |     0.508 |    57420 |       --- |             --- |
| Block RAM               |     0.056 |       21 |       365 |            5.75 |
| DSPs                    |     0.132 |      144 |       740 |           19.46 |
| I/O                     |     0.001 |      277 |       285 |           97.19 |
| Static Power            |     0.136 |          |           |                 |
| Total                   |     1.274 |          |           |                 |
+-------------------------+-----------+----------+-----------+-----------------+


1.2 Power Supply Summary
------------------------

+-----------+-------------+-----------+-------------+------------+-------------+-------------+------------+
| Source    | Voltage (V) | Total (A) | Dynamic (A) | Static (A) | Powerup (A) | Budget (A)  | Margin (A) |
+-----------+-------------+-----------+-------------+------------+-------------+-------------+------------+
| Vccint    |       1.000 |     1.170 |       1.136 |      0.034 |       NA    | Unspecified | NA         |
| Vccaux    |       1.800 |     0.031 |       0.000 |      0.031 |       NA    | Unspecified | NA         |
| Vcco33    |       3.300 |     0.000 |       0.000 |      0.000 |       NA    | Unspecified | NA         |
| Vcco25    |       2.500 |     0.000 |       0.000 |      0.000 |       NA    | Unspecified | NA         |
| Vcco18    |       1.800 |     0.005 |       0.000 |      0.005 |       NA    | Unspecified | NA         |
| Vcco15    |       1.500 |     0.000 |       0.000 |      0.000 |       NA    | Unspecified | NA         |
| Vcco135   |       1.350 |     0.000 |       0.000 |      0.000 |       NA    | Unspecified | NA         |
| Vcco12    |       1.200 |     0.000 |       0.000 |      0.000 |       NA    | Unspecified | NA         |
| Vccaux_io |       1.800 |     0.000 |       0.000 |      0.000 |       NA    | Unspecified | NA         |
| Vccbram   |       1.000 |     0.003 |       0.002 |      0.001 |       NA    | Unspecified | NA         |
| MGTAVcc   |       1.000 |     0.000 |       0.000 |      0.000 |       NA    | Unspecified | NA         |
| MGTAVtt   |       1.200 |     0.000 |       0.000 |      0.000 |       NA    | Unspecified | NA         |
| Vccadc    |       1.800 |     0.020 |       0.000 |      0.020 |       NA    | Unspecified | NA         |
+-----------+-------------+-----------+-------------+------------+-------------+-------------+------------+


1.3 Confidence Level
--------------------

+-----------------------------+------------+--------------------------------------------------------+------------------------------------------------------------------------------------------------------------+
| User Input Data             | Confidence | Details                                                | Action                                                                                                     |
+-----------------------------+------------+--------------------------------------------------------+------------------------------------------------------------------------------------------------------------+
| Design implementation state | High       | Design is routed                                       |                                                                                                            |
| Clock nodes activity        | High       | User specified more than 95% of clocks                 |                                                                                                            |
| I/O nodes activity          | Low        | More than 75% of inputs are missing user specification | Provide missing input activity with simulation results or by editing the "By Resource Type -> I/Os" view   |
| Internal nodes activity     | Medium     | User specified less than 25% of internal nodes         | Provide missing internal nodes activity with simulation results or by editing the "By Resource Type" views |
| Device models               | High       | Device models are Production                           |                                                                                                            |
|                             |            |                                                        |                                                                                                            |
| Overall confidence level    | Low        |                                                        |                                                                                                            |
+-----------------------------+------------+--------------------------------------------------------+------------------------------------------------------------------------------------------------------------+


2. Settings
-----------

2.1 Environment
---------------

+-----------------------+--------------------------+
| Ambient Temp (C)      | 25.0                     |
| ThetaJA (C/W)         | 2.5                      |
| Airflow (LFM)         | 250                      |
| Heat Sink             | medium (Medium Profile)  |
| ThetaSA (C/W)         | 4.2                      |
| Board Selection       | medium (10"x10")         |
| # of Board Layers     | 12to15 (12 to 15 Layers) |
| Board Temperature (C) | 25.0                     |
+-----------------------+--------------------------+


2.2 Clock Constraints
---------------------

+---------+--------+-----------------+
| Clock   | Domain | Constraint (ns) |
+---------+--------+-----------------+
| sys_clk | clk    |            10.0 |
+---------+--------+-----------------+


3. Detailed Reports
-------------------

3.1 By Hierarchy
----------------

+---------------------------------------------------+-----------+
| Name                                              | Power (W) |
+---------------------------------------------------+-----------+
| ML_DSA_top                                        |     1.138 |
|   u_GlobalBRAMArbitration                         |     0.116 |
|     u_SharedBRAMPool                              |     0.116 |
|       u_CoeffBlockRAM                             |     0.116 |
|   u_GlobalComputeArbitration                      |     0.977 |
|     u_Encoder_1                                   |     0.003 |
|     u_ExpandA                                     |     0.017 |
|       u_ExpandA_sipo96                            |     0.009 |
|     u_MAC_Array_Pool                              |     0.243 |
|       row_mac_inst[0].col_mac_inst[0].u_ModuleMAC |     0.016 |
|       row_mac_inst[0].col_mac_inst[1].u_ModuleMAC |     0.016 |
|       row_mac_inst[0].col_mac_inst[2].u_ModuleMAC |     0.016 |
|       row_mac_inst[0].col_mac_inst[3].u_ModuleMAC |     0.015 |
|       row_mac_inst[1].col_mac_inst[0].u_ModuleMAC |     0.015 |
|       row_mac_inst[1].col_mac_inst[1].u_ModuleMAC |     0.015 |
|       row_mac_inst[1].col_mac_inst[2].u_ModuleMAC |     0.014 |
|       row_mac_inst[1].col_mac_inst[3].u_ModuleMAC |     0.014 |
|       row_mac_inst[2].col_mac_inst[0].u_ModuleMAC |     0.015 |
|       row_mac_inst[2].col_mac_inst[1].u_ModuleMAC |     0.014 |
|       row_mac_inst[2].col_mac_inst[2].u_ModuleMAC |     0.015 |
|       row_mac_inst[2].col_mac_inst[3].u_ModuleMAC |     0.016 |
|       row_mac_inst[3].col_mac_inst[0].u_ModuleMAC |     0.015 |
|       row_mac_inst[3].col_mac_inst[1].u_ModuleMAC |     0.015 |
|       row_mac_inst[3].col_mac_inst[2].u_ModuleMAC |     0.015 |
|       row_mac_inst[3].col_mac_inst[3].u_ModuleMAC |     0.015 |
|     u_Poly_PAU                                    |     0.288 |
|       Zeta1_ROM                                   |     0.002 |
|       Zeta2_ROM                                   |     0.002 |
|       Zeta3_ROM                                   |     0.002 |
|       u_ReconfigCompute                           |     0.180 |
|     u_sha3_1                                      |     0.213 |
|       u_keccak                                    |     0.200 |
|       u_sha3_din_fifo                             |     0.001 |
|     u_sha3_2                                      |     0.214 |
|       u_keccak                                    |     0.201 |
|       u_sha3_din_fifo                             |     0.001 |
|   u_keygen_internal                               |     0.036 |
|     row_power2round_inst[0].u_power2round         |     0.002 |
|     row_power2round_inst[1].u_power2round         |     0.001 |
|     row_power2round_inst[2].u_power2round         |     0.001 |
|     row_power2round_inst[3].u_power2round         |     0.001 |
|     u_ExpandS                                     |     0.009 |
|       u_ExpandS_sipo                              |     0.001 |
|     u_t1_load_fifo                                |     0.001 |
|       U0                                          |     0.001 |
+---------------------------------------------------+-----------+


